---
source: crates/figue/tests/integration/help.rs
expression: "$crate :: common ::\nstrip_binary_paths(& $crate :: common :: strip_ansi(& help))"
---
main repo

Manage repositories

USAGE:
    main repo <COMMAND>

COMMANDS:
    clone
            Clone a repository
    push
            Push changes
