---
source: crates/figue/tests/integration/deser_errors.rs
expression: "$crate :: common :: strip_ansi(& report.to_string())"
---
Error: failed to parse "invalid" as u16
   ╭─[ <env>:1:12 ]
   │
 1 │ APP__PORT="invalid"
   │            ───┬───  
   │               ╰───── failed to parse "invalid" as u16
───╯
