---
source: crates/figue/tests/integration/help.rs
expression: "$crate :: common :: strip_ansi(& help)"
---
main rm

Remove a package

USAGE:
    main rm [OPTIONS] <PACKAGE>

ARGUMENTS:
        <PACKAGE>
            Package name to remove

OPTIONS:
    -y, --yes
            Don't ask for confirmation
