---
source: crates/figue/tests/integration/help.rs
expression: "$crate :: common :: strip_ansi(& help)"
---
main repo clone

Clone a repository

USAGE:
    main repo clone [OPTIONS] <URL>

ARGUMENTS:
        <URL>
            Repository URL

OPTIONS:
        --depth <U32>
            Clone depth (shallow clone)
    -b, --branch <STRING>
            Branch to clone
