---
source: crates/figue/tests/integration/help.rs
expression: "$crate :: common :: strip_ansi(& help)"
---
main install

Install a package

USAGE:
    main install [OPTIONS] <PACKAGE>

ARGUMENTS:
        <PACKAGE>
            Package name to install

OPTIONS:
    -g, --global
            Install globally
    -f, --force
            Force reinstall even if already installed
