---
source: tests/integration/ariadne.rs
expression: ariadne_output
---
Error: Missing required fields:

Sources:
  cli --settings.*
  defaults

required_field  ❌ MISSING <LeafSchema { kind: Scalar(String), shap 
                e: Shape { type_identifier: "String", ty: User(Opa
                que), layout: Sized(«24 align 8»), def: Scalar, ..
                 } }>

Run with --help for usage information.
