---
source: tests/integration/sequence.rs
expression: "$crate :: common :: strip_ansi(& err.to_string())"
---
Error: Missing required fields:

Sources:
  cli --settings.*
  defaults

files.. .. ⨯ MISSING

Missing:
  files <Vec<String>> (<files>)
    Files to process (at least one required)

Run with --help for usage information.
